<?xml version="1.0" encoding="utf-8"?>
<TestRun id="6eb80cfd-09df-49b4-b0a6-d0c66c322104" name="Irfan_laptop@DESKTOP-S8RLPQP 2022-10-05 10:37:12" runUser="DESKTOP-S8RLPQP\Irfan_laptop" xmlns="http://microsoft.com/schemas/VisualStudio/TeamTest/2010">
  <Times creation="2022-10-05T10:37:12.6100625+05:00" queuing="2022-10-05T10:37:12.6100625+05:00" start="2022-10-05T10:36:50.8230014+05:00" finish="2022-10-05T10:42:33.9089512+05:00" />
  <TestSettings name="default" id="ed5ef5ae-c961-433c-bdbf-35352cf30a91">
    <Deployment runDeploymentRoot="Irfan_laptop_DESKTOP-S8RLPQP_2022-10-05_10_37_12" />
  </TestSettings>
  <Results>
    <UnitTestResult executionId="14d884bb-f016-4253-b455-e956a3e8de30" testId="93ccdce9-bf52-4290-9d27-c5235200471c" testName="invalidsignup" computerName="DESKTOP-S8RLPQP" duration="00:00:25.0518288" startTime="2022-10-05T10:37:31.6110608+05:00" endTime="2022-10-05T10:37:56.6631259+05:00" testType="13cdc9d9-ddb5-4fa4-a97d-d965ccfc6d4b" outcome="Failed" testListId="8c84fa94-04c1-424b-9868-57a2d4851a1d" relativeResultsDirectory="14d884bb-f016-4253-b455-e956a3e8de30">
      <Output>
        <ErrorInfo>
          <Message>Test method ProjectJdot.UnitTest1.invalidsignup threw exception: &#xD;
OpenQA.Selenium.ElementClickInterceptedException: element click intercepted: Element &lt;input type="checkbox" name="is_subscribed" title="Sign Up for Newsletter" value="1" id="is_subscribed" class="checkbox"&gt; is not clickable at point (21, 543). Other element would receive the click: &lt;iframe title="webpush-onsite" name="webpush-onsite" id="webpush-onsite" frameborder="0" marginheight="0" marginwidth="0" style="height: 117px; width: 350px; visibility: visible; display: block; position: fixed; bottom: 20px; left: 20px; z-index: 16776272;"&gt;&lt;/iframe&gt;
  (Session info: chrome=105.0.5195.127)</Message>
          <StackTrace>    at OpenQA.Selenium.WebDriver.UnpackAndThrowOnError(Response errorResponse, String commandToExecute)&#xD;
   at OpenQA.Selenium.WebDriver.Execute(String driverCommandToExecute, Dictionary`2 parameters)&#xD;
   at OpenQA.Selenium.WebDriver.InternalExecute(String driverCommandToExecute, Dictionary`2 parameters)&#xD;
   at OpenQA.Selenium.WebElement.Execute(String commandToExecute, Dictionary`2 parameters)&#xD;
   at OpenQA.Selenium.WebElement.Click()&#xD;
   at ProjectJdot.browser.Click(By by) in C:\Users\Irfan laptop\source\repos\JProject\JProject\Browser.cs:line 84&#xD;
   at ProjectJdot.Signup.invalidSignup(String firstname, String lastname, String eemail, String password, String repassword, String mobilee, String capt) in C:\Users\Irfan laptop\source\repos\JProject\JProject\Signup.cs:line 58&#xD;
   at ProjectJdot.UnitTest1.invalidsignup() in C:\Users\Irfan laptop\source\repos\JProject\JProject\UnitTest1.cs:line 119&#xD;
</StackTrace>
        </ErrorInfo>
      </Output>
    </UnitTestResult>
    <UnitTestResult executionId="84ecddfc-7910-4c29-ad8e-7378ca7e1e91" testId="9487ed5e-fb49-44f9-b6e2-61256c28fcaf" testName="entertextSearch" computerName="DESKTOP-S8RLPQP" duration="00:00:11.8585260" startTime="2022-10-05T10:38:16.7566600+05:00" endTime="2022-10-05T10:38:28.6158177+05:00" testType="13cdc9d9-ddb5-4fa4-a97d-d965ccfc6d4b" outcome="Passed" testListId="8c84fa94-04c1-424b-9868-57a2d4851a1d" relativeResultsDirectory="84ecddfc-7910-4c29-ad8e-7378ca7e1e91" />
    <UnitTestResult executionId="e828c006-bf67-4743-9d69-c7d52d1ff4d9" testId="f77661ad-b100-47e3-8abd-178c16abfea5" testName="inentervalidSearch" computerName="DESKTOP-S8RLPQP" duration="00:00:26.0200096" startTime="2022-10-05T10:38:53.6655986+05:00" endTime="2022-10-05T10:39:19.6866918+05:00" testType="13cdc9d9-ddb5-4fa4-a97d-d965ccfc6d4b" outcome="Passed" testListId="8c84fa94-04c1-424b-9868-57a2d4851a1d" relativeResultsDirectory="e828c006-bf67-4743-9d69-c7d52d1ff4d9" />
    <UnitTestResult executionId="df2ffbb1-4712-417e-99c9-3e6f47fe25b6" testId="66af1ce4-4590-48a1-a46d-d4282c334372" testName="validsignup" computerName="DESKTOP-S8RLPQP" duration="00:00:20.0919248" startTime="2022-10-05T10:37:56.6641251+05:00" endTime="2022-10-05T10:38:16.7566600+05:00" testType="13cdc9d9-ddb5-4fa4-a97d-d965ccfc6d4b" outcome="Failed" testListId="8c84fa94-04c1-424b-9868-57a2d4851a1d" relativeResultsDirectory="df2ffbb1-4712-417e-99c9-3e6f47fe25b6">
      <Output>
        <ErrorInfo>
          <Message>Test method ProjectJdot.UnitTest1.validsignup threw exception: &#xD;
OpenQA.Selenium.ElementClickInterceptedException: element click intercepted: Element &lt;input type="checkbox" name="is_subscribed" title="Sign Up for Newsletter" value="1" id="is_subscribed" class="checkbox"&gt; is not clickable at point (21, 543). Other element would receive the click: &lt;iframe title="webpush-onsite" name="webpush-onsite" id="webpush-onsite" frameborder="0" marginheight="0" marginwidth="0" style="height: 117px; width: 350px; visibility: visible; display: block; position: fixed; bottom: 20px; left: 20px; z-index: 16776272;"&gt;&lt;/iframe&gt;
  (Session info: chrome=105.0.5195.127)</Message>
          <StackTrace>    at OpenQA.Selenium.WebDriver.UnpackAndThrowOnError(Response errorResponse, String commandToExecute)&#xD;
   at OpenQA.Selenium.WebDriver.Execute(String driverCommandToExecute, Dictionary`2 parameters)&#xD;
   at OpenQA.Selenium.WebDriver.InternalExecute(String driverCommandToExecute, Dictionary`2 parameters)&#xD;
   at OpenQA.Selenium.WebElement.Execute(String commandToExecute, Dictionary`2 parameters)&#xD;
   at OpenQA.Selenium.WebElement.Click()&#xD;
   at ProjectJdot.browser.Click(By by) in C:\Users\Irfan laptop\source\repos\JProject\JProject\Browser.cs:line 84&#xD;
   at ProjectJdot.Signup.validSignup(String firstname, String lastname, String eemail, String password, String repassword, String mobilee, String capt) in C:\Users\Irfan laptop\source\repos\JProject\JProject\Signup.cs:line 92&#xD;
   at ProjectJdot.UnitTest1.validsignup() in C:\Users\Irfan laptop\source\repos\JProject\JProject\UnitTest1.cs:line 138&#xD;
</StackTrace>
        </ErrorInfo>
      </Output>
    </UnitTestResult>
    <UnitTestResult executionId="1a1444f6-5ac4-4b3b-a181-bc16dfb88eeb" testId="85a11655-79cd-4f33-b0ab-37788734f3b1" testName="viewas" computerName="DESKTOP-S8RLPQP" duration="00:00:43.6405723" startTime="2022-10-05T10:40:07.4473321+05:00" endTime="2022-10-05T10:40:51.0884137+05:00" testType="13cdc9d9-ddb5-4fa4-a97d-d965ccfc6d4b" outcome="Failed" testListId="8c84fa94-04c1-424b-9868-57a2d4851a1d" relativeResultsDirectory="1a1444f6-5ac4-4b3b-a181-bc16dfb88eeb">
      <Output>
        <ErrorInfo>
          <Message>Test method ProjectJdot.UnitTest1.viewas threw exception: &#xD;
OpenQA.Selenium.ElementClickInterceptedException: element click intercepted: Element &lt;a class="modes-mode mode-grid" title="Grid" href="#" data-role="mode-switcher" data-value="grid" id="mode-grid" aria-labelledby="modes-label mode-grid"&gt;...&lt;/a&gt; is not clickable at point (342, 542). Other element would receive the click: &lt;iframe title="webpush-onsite" name="webpush-onsite" id="webpush-onsite" frameborder="0" marginheight="0" marginwidth="0" style="height: 117px; width: 350px; visibility: visible; display: block; position: fixed; bottom: 20px; left: 20px; z-index: 16776272;"&gt;&lt;/iframe&gt;
  (Session info: chrome=105.0.5195.127)</Message>
          <StackTrace>    at OpenQA.Selenium.WebDriver.UnpackAndThrowOnError(Response errorResponse, String commandToExecute)&#xD;
   at OpenQA.Selenium.WebDriver.Execute(String driverCommandToExecute, Dictionary`2 parameters)&#xD;
   at OpenQA.Selenium.WebDriver.InternalExecute(String driverCommandToExecute, Dictionary`2 parameters)&#xD;
   at OpenQA.Selenium.WebElement.Execute(String commandToExecute, Dictionary`2 parameters)&#xD;
   at OpenQA.Selenium.WebElement.Click()&#xD;
   at ProjectJdot.browser.Click(By by) in C:\Users\Irfan laptop\source\repos\JProject\JProject\Browser.cs:line 84&#xD;
   at ProjectJdot.displaymodes.view() in C:\Users\Irfan laptop\source\repos\JProject\JProject\displaymodes.cs:line 37&#xD;
   at ProjectJdot.UnitTest1.viewas() in C:\Users\Irfan laptop\source\repos\JProject\JProject\UnitTest1.cs:line 228&#xD;
</StackTrace>
        </ErrorInfo>
      </Output>
    </UnitTestResult>
    <UnitTestResult executionId="604d2ab5-bd62-4fd5-b487-cbb823b4d6dc" testId="977d91f8-1836-4f8f-a84e-6b4c64533b74" testName="validLogin (Data Row 0)" computerName="DESKTOP-S8RLPQP" duration="00:00:19.0499107" startTime="2022-10-05T10:37:12.5590929+05:00" endTime="2022-10-05T10:37:31.6100597+05:00" testType="13cdc9d9-ddb5-4fa4-a97d-d965ccfc6d4b" outcome="Failed" testListId="8c84fa94-04c1-424b-9868-57a2d4851a1d" relativeResultsDirectory="604d2ab5-bd62-4fd5-b487-cbb823b4d6dc">
      <Output>
        <ErrorInfo>
          <Message>Test method ProjectJdot.UnitTest1.validLogin threw exception: &#xD;
OpenQA.Selenium.ElementClickInterceptedException: element click intercepted: Element &lt;button type="submit" class="action login primary" name="send" id="send2"&gt;...&lt;/button&gt; is not clickable at point (58, 579). Other element would receive the click: &lt;iframe title="webpush-onsite" name="webpush-onsite" id="webpush-onsite" frameborder="0" marginheight="0" marginwidth="0" style="height: 117px; width: 350px; visibility: visible; display: block; position: fixed; bottom: 20px; left: 20px; z-index: 16776272;"&gt;&lt;/iframe&gt;
  (Session info: chrome=105.0.5195.127)</Message>
          <StackTrace>    at OpenQA.Selenium.WebDriver.UnpackAndThrowOnError(Response errorResponse, String commandToExecute)&#xD;
   at OpenQA.Selenium.WebDriver.Execute(String driverCommandToExecute, Dictionary`2 parameters)&#xD;
   at OpenQA.Selenium.WebDriver.InternalExecute(String driverCommandToExecute, Dictionary`2 parameters)&#xD;
   at OpenQA.Selenium.WebElement.Execute(String commandToExecute, Dictionary`2 parameters)&#xD;
   at OpenQA.Selenium.WebElement.Click()&#xD;
   at ProjectJdot.browser.Click(By by) in C:\Users\Irfan laptop\source\repos\JProject\JProject\Browser.cs:line 84&#xD;
   at ProjectJdot.login.validlogin(String email, String password) in C:\Users\Irfan laptop\source\repos\JProject\JProject\login.cs:line 79&#xD;
   at ProjectJdot.UnitTest1.validLogin() in C:\Users\Irfan laptop\source\repos\JProject\JProject\UnitTest1.cs:line 102&#xD;
</StackTrace>
        </ErrorInfo>
      </Output>
    </UnitTestResult>
    <UnitTestResult executionId="1350c1f0-2fc6-44a2-95a4-59cad7c97f63" testId="9091b0b0-08d2-42c5-b48f-1f2c9f68134e" testName="shoppingoption" computerName="DESKTOP-S8RLPQP" duration="00:00:28.5572608" startTime="2022-10-05T10:39:38.8886927+05:00" endTime="2022-10-05T10:40:07.4463324+05:00" testType="13cdc9d9-ddb5-4fa4-a97d-d965ccfc6d4b" outcome="Failed" testListId="8c84fa94-04c1-424b-9868-57a2d4851a1d" relativeResultsDirectory="1350c1f0-2fc6-44a2-95a4-59cad7c97f63">
      <Output>
        <ErrorInfo>
          <Message>Test method ProjectJdot.UnitTest1.shoppingoption threw exception: &#xD;
OpenQA.Selenium.ElementClickInterceptedException: element click intercepted: Element &lt;div data-role="title" class="filter-options-title" role="tab" aria-selected="false" aria-expanded="false" tabindex="0"&gt;...&lt;/div&gt; is not clickable at point (139, 593). Other element would receive the click: &lt;div class="arv-button arv-btn-" id="arv_btn" style=""&gt;...&lt;/div&gt;
  (Session info: chrome=105.0.5195.127)</Message>
          <StackTrace>    at OpenQA.Selenium.WebDriver.UnpackAndThrowOnError(Response errorResponse, String commandToExecute)&#xD;
   at OpenQA.Selenium.WebDriver.Execute(String driverCommandToExecute, Dictionary`2 parameters)&#xD;
   at OpenQA.Selenium.WebDriver.InternalExecute(String driverCommandToExecute, Dictionary`2 parameters)&#xD;
   at OpenQA.Selenium.WebElement.Execute(String commandToExecute, Dictionary`2 parameters)&#xD;
   at OpenQA.Selenium.WebElement.Click()&#xD;
   at ProjectJdot.browser.Click(By by) in C:\Users\Irfan laptop\source\repos\JProject\JProject\Browser.cs:line 84&#xD;
   at ProjectJdot.filter.shoppingoptions() in C:\Users\Irfan laptop\source\repos\JProject\JProject\filter.cs:line 24&#xD;
   at ProjectJdot.UnitTest1.shoppingoption() in C:\Users\Irfan laptop\source\repos\JProject\JProject\UnitTest1.cs:line 212&#xD;
</StackTrace>
        </ErrorInfo>
      </Output>
    </UnitTestResult>
    <UnitTestResult executionId="080df41f-7178-4fc8-8d27-92346707a2e2" testId="6e3ba8c6-ccbb-4140-84dc-5d841bda643f" testName="addtobag" computerName="DESKTOP-S8RLPQP" duration="00:00:19.1988403" startTime="2022-10-05T10:39:19.6876916+05:00" endTime="2022-10-05T10:39:38.8866934+05:00" testType="13cdc9d9-ddb5-4fa4-a97d-d965ccfc6d4b" outcome="Failed" testListId="8c84fa94-04c1-424b-9868-57a2d4851a1d" relativeResultsDirectory="080df41f-7178-4fc8-8d27-92346707a2e2">
      <Output>
        <ErrorInfo>
          <Message>Test method ProjectJdot.UnitTest1.addtobag threw exception: &#xD;
OpenQA.Selenium.ElementNotInteractableException: element not interactable
  (Session info: chrome=105.0.5195.127)</Message>
          <StackTrace>    at OpenQA.Selenium.WebDriver.UnpackAndThrowOnError(Response errorResponse, String commandToExecute)&#xD;
   at OpenQA.Selenium.WebDriver.Execute(String driverCommandToExecute, Dictionary`2 parameters)&#xD;
   at OpenQA.Selenium.WebDriver.InternalExecute(String driverCommandToExecute, Dictionary`2 parameters)&#xD;
   at OpenQA.Selenium.WebElement.Execute(String commandToExecute, Dictionary`2 parameters)&#xD;
   at OpenQA.Selenium.WebElement.Click()&#xD;
   at ProjectJdot.browser.Click(By by) in C:\Users\Irfan laptop\source\repos\JProject\JProject\Browser.cs:line 84&#xD;
   at ProjectJdot.addtobag.addtobagg() in C:\Users\Irfan laptop\source\repos\JProject\JProject\addtobag.cs:line 27&#xD;
   at ProjectJdot.UnitTest1.addtobag() in C:\Users\Irfan laptop\source\repos\JProject\JProject\UnitTest1.cs:line 197&#xD;
</StackTrace>
        </ErrorInfo>
      </Output>
    </UnitTestResult>
    <UnitTestResult executionId="dbe1b98a-4cb7-4fd4-b3fd-abd7726b58c8" testId="190d0378-01f3-4ef1-a505-60db3b746664" testName="entervalidSearch" computerName="DESKTOP-S8RLPQP" duration="00:00:25.0487168" startTime="2022-10-05T10:38:28.6158177+05:00" endTime="2022-10-05T10:38:53.6655986+05:00" testType="13cdc9d9-ddb5-4fa4-a97d-d965ccfc6d4b" outcome="Passed" testListId="8c84fa94-04c1-424b-9868-57a2d4851a1d" relativeResultsDirectory="dbe1b98a-4cb7-4fd4-b3fd-abd7726b58c8" />
    <UnitTestResult executionId="98596642-8974-4380-93a3-aadd9ea9cb9e" testId="6bd2ccb4-0831-4fe6-b036-70c9a355ce95" testName="invalidLogin (Data Row 0)" computerName="DESKTOP-S8RLPQP" duration="00:00:18.3436972" startTime="2022-10-05T10:36:53.3719536+05:00" endTime="2022-10-05T10:37:12.5291086+05:00" testType="13cdc9d9-ddb5-4fa4-a97d-d965ccfc6d4b" outcome="Failed" testListId="8c84fa94-04c1-424b-9868-57a2d4851a1d" relativeResultsDirectory="98596642-8974-4380-93a3-aadd9ea9cb9e">
      <Output>
        <ErrorInfo>
          <Message>Test method ProjectJdot.UnitTest1.invalidLogin threw exception: &#xD;
OpenQA.Selenium.ElementClickInterceptedException: element click intercepted: Element &lt;button type="submit" class="action login primary" name="send" id="send2"&gt;...&lt;/button&gt; is not clickable at point (58, 579). Other element would receive the click: &lt;iframe title="webpush-onsite" name="webpush-onsite" id="webpush-onsite" frameborder="0" marginheight="0" marginwidth="0" style="height: 117px; width: 350px; visibility: visible; display: block; position: fixed; bottom: 20px; left: 20px; z-index: 16776272;"&gt;&lt;/iframe&gt;
  (Session info: chrome=105.0.5195.127)</Message>
          <StackTrace>    at OpenQA.Selenium.WebDriver.UnpackAndThrowOnError(Response errorResponse, String commandToExecute)&#xD;
   at OpenQA.Selenium.WebDriver.Execute(String driverCommandToExecute, Dictionary`2 parameters)&#xD;
   at OpenQA.Selenium.WebDriver.InternalExecute(String driverCommandToExecute, Dictionary`2 parameters)&#xD;
   at OpenQA.Selenium.WebElement.Execute(String commandToExecute, Dictionary`2 parameters)&#xD;
   at OpenQA.Selenium.WebElement.Click()&#xD;
   at ProjectJdot.browser.Click(By by) in C:\Users\Irfan laptop\source\repos\JProject\JProject\Browser.cs:line 84&#xD;
   at ProjectJdot.login.invalidlogin(String email, String password) in C:\Users\Irfan laptop\source\repos\JProject\JProject\login.cs:line 65&#xD;
   at ProjectJdot.UnitTest1.invalidLogin() in C:\Users\Irfan laptop\source\repos\JProject\JProject\UnitTest1.cs:line 74&#xD;
</StackTrace>
        </ErrorInfo>
      </Output>
    </UnitTestResult>
    <UnitTestResult executionId="cc32d53c-2ca9-4a41-bbbc-97efd22a5031" testId="1c5b5d78-098e-45c9-b68f-54f8212eea28" testName="flow (Data Row 0)" computerName="DESKTOP-S8RLPQP" duration="00:00:54.7156050" startTime="2022-10-05T10:41:38.8225071+05:00" endTime="2022-10-05T10:42:33.5391618+05:00" testType="13cdc9d9-ddb5-4fa4-a97d-d965ccfc6d4b" outcome="Failed" testListId="8c84fa94-04c1-424b-9868-57a2d4851a1d" relativeResultsDirectory="cc32d53c-2ca9-4a41-bbbc-97efd22a5031">
      <Output>
        <ErrorInfo>
          <Message>Test method ProjectJdot.UnitTest1.flow threw exception: &#xD;
OpenQA.Selenium.ElementClickInterceptedException: element click intercepted: Element &lt;button type="submit" class="action login primary" name="send" id="send2"&gt;...&lt;/button&gt; is not clickable at point (58, 579). Other element would receive the click: &lt;iframe title="webpush-onsite" name="webpush-onsite" id="webpush-onsite" frameborder="0" marginheight="0" marginwidth="0" style="height: 117px; width: 350px; visibility: visible; display: block; position: fixed; bottom: 20px; left: 20px; z-index: 16776272;"&gt;&lt;/iframe&gt;
  (Session info: chrome=105.0.5195.127)</Message>
          <StackTrace>    at OpenQA.Selenium.WebDriver.UnpackAndThrowOnError(Response errorResponse, String commandToExecute)&#xD;
   at OpenQA.Selenium.WebDriver.Execute(String driverCommandToExecute, Dictionary`2 parameters)&#xD;
   at OpenQA.Selenium.WebDriver.InternalExecute(String driverCommandToExecute, Dictionary`2 parameters)&#xD;
   at OpenQA.Selenium.WebElement.Execute(String commandToExecute, Dictionary`2 parameters)&#xD;
   at OpenQA.Selenium.WebElement.Click()&#xD;
   at ProjectJdot.browser.Click(By by) in C:\Users\Irfan laptop\source\repos\JProject\JProject\Browser.cs:line 84&#xD;
   at ProjectJdot.login.validlogin(String email, String password) in C:\Users\Irfan laptop\source\repos\JProject\JProject\login.cs:line 79&#xD;
   at ProjectJdot.UnitTest1.flow() in C:\Users\Irfan laptop\source\repos\JProject\JProject\UnitTest1.cs:line 266&#xD;
</StackTrace>
        </ErrorInfo>
      </Output>
    </UnitTestResult>
    <UnitTestResult executionId="6e39baaf-b293-45fd-98fc-58a46d80a2cc" testId="cf97bc4a-145d-4031-a757-b477cd9f2f64" testName="sortb" computerName="DESKTOP-S8RLPQP" duration="00:00:47.7325450" startTime="2022-10-05T10:40:51.0884137+05:00" endTime="2022-10-05T10:41:38.8215071+05:00" testType="13cdc9d9-ddb5-4fa4-a97d-d965ccfc6d4b" outcome="Passed" testListId="8c84fa94-04c1-424b-9868-57a2d4851a1d" relativeResultsDirectory="6e39baaf-b293-45fd-98fc-58a46d80a2cc" />
  </Results>
  <TestDefinitions>
    <UnitTest name="shoppingoption" storage="d:\jproject\jproject\bin\debug\jproject.dll" id="9091b0b0-08d2-42c5-b48f-1f2c9f68134e">
      <Execution id="1350c1f0-2fc6-44a2-95a4-59cad7c97f63" />
      <TestMethod codeBase="D:\JProject\JProject\bin\Debug\JProject.dll" adapterTypeName="executor://mstestadapter/v2" className="ProjectJdot.UnitTest1" name="shoppingoption" />
    </UnitTest>
    <UnitTest name="sortb" storage="d:\jproject\jproject\bin\debug\jproject.dll" id="cf97bc4a-145d-4031-a757-b477cd9f2f64">
      <Execution id="6e39baaf-b293-45fd-98fc-58a46d80a2cc" />
      <TestMethod codeBase="D:\JProject\JProject\bin\Debug\JProject.dll" adapterTypeName="executor://mstestadapter/v2" className="ProjectJdot.UnitTest1" name="sortb" />
    </UnitTest>
    <UnitTest name="entertextSearch" storage="d:\jproject\jproject\bin\debug\jproject.dll" id="9487ed5e-fb49-44f9-b6e2-61256c28fcaf">
      <Execution id="84ecddfc-7910-4c29-ad8e-7378ca7e1e91" />
      <TestMethod codeBase="D:\JProject\JProject\bin\Debug\JProject.dll" adapterTypeName="executor://mstestadapter/v2" className="ProjectJdot.UnitTest1" name="entertextSearch" />
    </UnitTest>
    <UnitTest name="flow (Data Row 0)" storage="d:\jproject\jproject\bin\debug\jproject.dll" id="1c5b5d78-098e-45c9-b68f-54f8212eea28">
      <Execution id="cc32d53c-2ca9-4a41-bbbc-97efd22a5031" />
      <TestMethod codeBase="D:\JProject\JProject\bin\Debug\JProject.dll" adapterTypeName="executor://mstestadapter/v2" className="ProjectJdot.UnitTest1" name="flow" />
    </UnitTest>
    <UnitTest name="invalidsignup" storage="d:\jproject\jproject\bin\debug\jproject.dll" id="93ccdce9-bf52-4290-9d27-c5235200471c">
      <Execution id="14d884bb-f016-4253-b455-e956a3e8de30" />
      <TestMethod codeBase="D:\JProject\JProject\bin\Debug\JProject.dll" adapterTypeName="executor://mstestadapter/v2" className="ProjectJdot.UnitTest1" name="invalidsignup" />
    </UnitTest>
    <UnitTest name="viewas" storage="d:\jproject\jproject\bin\debug\jproject.dll" id="85a11655-79cd-4f33-b0ab-37788734f3b1">
      <Execution id="1a1444f6-5ac4-4b3b-a181-bc16dfb88eeb" />
      <TestMethod codeBase="D:\JProject\JProject\bin\Debug\JProject.dll" adapterTypeName="executor://mstestadapter/v2" className="ProjectJdot.UnitTest1" name="viewas" />
    </UnitTest>
    <UnitTest name="invalidLogin (Data Row 0)" storage="d:\jproject\jproject\bin\debug\jproject.dll" id="6bd2ccb4-0831-4fe6-b036-70c9a355ce95">
      <TestCategory>
        <TestCategoryItem TestCategory="Login" />
      </TestCategory>
      <Execution id="98596642-8974-4380-93a3-aadd9ea9cb9e" />
      <TestMethod codeBase="D:\JProject\JProject\bin\Debug\JProject.dll" adapterTypeName="executor://mstestadapter/v2" className="ProjectJdot.UnitTest1" name="invalidLogin" />
    </UnitTest>
    <UnitTest name="inentervalidSearch" storage="d:\jproject\jproject\bin\debug\jproject.dll" id="f77661ad-b100-47e3-8abd-178c16abfea5">
      <Execution id="e828c006-bf67-4743-9d69-c7d52d1ff4d9" />
      <TestMethod codeBase="D:\JProject\JProject\bin\Debug\JProject.dll" adapterTypeName="executor://mstestadapter/v2" className="ProjectJdot.UnitTest1" name="inentervalidSearch" />
    </UnitTest>
    <UnitTest name="entervalidSearch" storage="d:\jproject\jproject\bin\debug\jproject.dll" id="190d0378-01f3-4ef1-a505-60db3b746664">
      <Execution id="dbe1b98a-4cb7-4fd4-b3fd-abd7726b58c8" />
      <TestMethod codeBase="D:\JProject\JProject\bin\Debug\JProject.dll" adapterTypeName="executor://mstestadapter/v2" className="ProjectJdot.UnitTest1" name="entervalidSearch" />
    </UnitTest>
    <UnitTest name="validLogin (Data Row 0)" storage="d:\jproject\jproject\bin\debug\jproject.dll" id="977d91f8-1836-4f8f-a84e-6b4c64533b74">
      <TestCategory>
        <TestCategoryItem TestCategory="Login" />
      </TestCategory>
      <Execution id="604d2ab5-bd62-4fd5-b487-cbb823b4d6dc" />
      <TestMethod codeBase="D:\JProject\JProject\bin\Debug\JProject.dll" adapterTypeName="executor://mstestadapter/v2" className="ProjectJdot.UnitTest1" name="validLogin" />
    </UnitTest>
    <UnitTest name="addtobag" storage="d:\jproject\jproject\bin\debug\jproject.dll" id="6e3ba8c6-ccbb-4140-84dc-5d841bda643f">
      <Execution id="080df41f-7178-4fc8-8d27-92346707a2e2" />
      <TestMethod codeBase="D:\JProject\JProject\bin\Debug\JProject.dll" adapterTypeName="executor://mstestadapter/v2" className="ProjectJdot.UnitTest1" name="addtobag" />
    </UnitTest>
    <UnitTest name="validsignup" storage="d:\jproject\jproject\bin\debug\jproject.dll" id="66af1ce4-4590-48a1-a46d-d4282c334372">
      <Execution id="df2ffbb1-4712-417e-99c9-3e6f47fe25b6" />
      <TestMethod codeBase="D:\JProject\JProject\bin\Debug\JProject.dll" adapterTypeName="executor://mstestadapter/v2" className="ProjectJdot.UnitTest1" name="validsignup" />
    </UnitTest>
  </TestDefinitions>
  <TestEntries>
    <TestEntry testId="93ccdce9-bf52-4290-9d27-c5235200471c" executionId="14d884bb-f016-4253-b455-e956a3e8de30" testListId="8c84fa94-04c1-424b-9868-57a2d4851a1d" />
    <TestEntry testId="9487ed5e-fb49-44f9-b6e2-61256c28fcaf" executionId="84ecddfc-7910-4c29-ad8e-7378ca7e1e91" testListId="8c84fa94-04c1-424b-9868-57a2d4851a1d" />
    <TestEntry testId="f77661ad-b100-47e3-8abd-178c16abfea5" executionId="e828c006-bf67-4743-9d69-c7d52d1ff4d9" testListId="8c84fa94-04c1-424b-9868-57a2d4851a1d" />
    <TestEntry testId="66af1ce4-4590-48a1-a46d-d4282c334372" executionId="df2ffbb1-4712-417e-99c9-3e6f47fe25b6" testListId="8c84fa94-04c1-424b-9868-57a2d4851a1d" />
    <TestEntry testId="85a11655-79cd-4f33-b0ab-37788734f3b1" executionId="1a1444f6-5ac4-4b3b-a181-bc16dfb88eeb" testListId="8c84fa94-04c1-424b-9868-57a2d4851a1d" />
    <TestEntry testId="977d91f8-1836-4f8f-a84e-6b4c64533b74" executionId="604d2ab5-bd62-4fd5-b487-cbb823b4d6dc" testListId="8c84fa94-04c1-424b-9868-57a2d4851a1d" />
    <TestEntry testId="9091b0b0-08d2-42c5-b48f-1f2c9f68134e" executionId="1350c1f0-2fc6-44a2-95a4-59cad7c97f63" testListId="8c84fa94-04c1-424b-9868-57a2d4851a1d" />
    <TestEntry testId="6e3ba8c6-ccbb-4140-84dc-5d841bda643f" executionId="080df41f-7178-4fc8-8d27-92346707a2e2" testListId="8c84fa94-04c1-424b-9868-57a2d4851a1d" />
    <TestEntry testId="190d0378-01f3-4ef1-a505-60db3b746664" executionId="dbe1b98a-4cb7-4fd4-b3fd-abd7726b58c8" testListId="8c84fa94-04c1-424b-9868-57a2d4851a1d" />
    <TestEntry testId="6bd2ccb4-0831-4fe6-b036-70c9a355ce95" executionId="98596642-8974-4380-93a3-aadd9ea9cb9e" testListId="8c84fa94-04c1-424b-9868-57a2d4851a1d" />
    <TestEntry testId="1c5b5d78-098e-45c9-b68f-54f8212eea28" executionId="cc32d53c-2ca9-4a41-bbbc-97efd22a5031" testListId="8c84fa94-04c1-424b-9868-57a2d4851a1d" />
    <TestEntry testId="cf97bc4a-145d-4031-a757-b477cd9f2f64" executionId="6e39baaf-b293-45fd-98fc-58a46d80a2cc" testListId="8c84fa94-04c1-424b-9868-57a2d4851a1d" />
  </TestEntries>
  <TestLists>
    <TestList name="Results Not in a List" id="8c84fa94-04c1-424b-9868-57a2d4851a1d" />
    <TestList name="All Loaded Results" id="19431567-8539-422a-85d7-44ee4e166bda" />
  </TestLists>
  <ResultSummary outcome="Failed">
    <Counters total="12" executed="12" passed="4" failed="8" error="0" timeout="0" aborted="0" inconclusive="0" passedButRunAborted="0" notRunnable="0" notExecuted="0" disconnected="0" warning="0" completed="0" inProgress="0" pending="0" />
  </ResultSummary>
</TestRun>